// Jest Snapshot v1, https://goo.gl/fbAQLP

exports[`QuotasTable renders table for quotas 1`] = `"<div class=\\"mb-1 row\\"><div class=\\"col-sm-4\\">Floating IP count:</div><div class=\\"col-sm-8\\">6 of 50</div></div><div class=\\"mb-1 row\\"><div class=\\"col-sm-4\\">Instances count:</div><div class=\\"col-sm-8\\">5 of 30</div></div><div class=\\"mb-1 row\\"><div class=\\"col-sm-4\\">Network count:</div><div class=\\"col-sm-8\\">1 of 100</div></div><div class=\\"mb-1 row\\"><div class=\\"col-sm-4\\">RAM:</div><div class=\\"col-sm-8\\">5 GB of 128 GB</div></div><div class=\\"mb-1 row\\"><div class=\\"col-sm-4\\">Security group count:</div><div class=\\"col-sm-8\\">8 of 100</div></div><div class=\\"mb-1 row\\"><div class=\\"col-sm-4\\">Security group rule count:</div><div class=\\"col-sm-8\\">14 of 100</div></div><div class=\\"mb-1 row\\"><div class=\\"col-sm-4\\">Snapshots count:</div><div class=\\"col-sm-8\\">2 of 50</div></div><div class=\\"mb-1 row\\"><div class=\\"col-sm-4\\">Snapshots size:</div><div class=\\"col-sm-8\\">50 GB of &#x221E;</div></div><div class=\\"mb-1 row\\"><div class=\\"col-sm-4\\">Storage:</div><div class=\\"col-sm-8\\">295 GB of 295 GB</div></div><div class=\\"mb-1 row\\"><div class=\\"col-sm-4\\">Subnet count:</div><div class=\\"col-sm-8\\">1 of 100</div></div><div class=\\"mb-1 row\\"><div class=\\"col-sm-4\\">vCPU count:</div><div class=\\"col-sm-8\\">3 of 64</div></div><div class=\\"mb-1 row\\"><div class=\\"col-sm-4\\">Volumes count:</div><div class=\\"col-sm-8\\">8 of 50</div></div><div class=\\"mb-1 row\\"><div class=\\"col-sm-4\\">Volumes size:</div><div class=\\"col-sm-8\\">245 GB of &#x221E;</div></div>"`;
