// Vitest Snapshot v1, https://vitest.dev/guide/snapshot.html

exports[`QuotasTable > renders table for quotas 1`] = `
<div>
  <div
    class="provider-quotas"
  >
    <div
      class="my-6"
    >
      <h5
        class="fw-bold mb-6"
      >
        Compute
      </h5>
      <div
        class="row"
      >
        <div
          class="col-lg-3 col-md-4 col-6"
        >
          <div
            class="resource-quota-item fw-bold d-flex mb-6"
          >
            <div
              class="content-center-center"
              style="width: 65px; height: 65px;"
            >
              <h1
                class="text-center"
              >
                <svg
                  class="animation-spin "
                  fill="currentColor"
                  height="1em"
                  viewBox="0 0 256 256"
                  width="1em"
                  xmlns="http://www.w3.org/2000/svg"
                >
                  <path
                    d="M136,32V64a8,8,0,0,1-16,0V32a8,8,0,0,1,16,0Zm37.25,58.75a8,8,0,0,0,5.66-2.35l22.63-22.62a8,8,0,0,0-11.32-11.32L167.6,77.09a8,8,0,0,0,5.65,13.66ZM224,120H192a8,8,0,0,0,0,16h32a8,8,0,0,0,0-16Zm-45.09,47.6a8,8,0,0,0-11.31,11.31l22.62,22.63a8,8,0,0,0,11.32-11.32ZM128,184a8,8,0,0,0-8,8v32a8,8,0,0,0,16,0V192A8,8,0,0,0,128,184ZM77.09,167.6,54.46,190.22a8,8,0,0,0,11.32,11.32L88.4,178.91A8,8,0,0,0,77.09,167.6ZM72,128a8,8,0,0,0-8-8H32a8,8,0,0,0,0,16H64A8,8,0,0,0,72,128ZM65.78,54.46A8,8,0,0,0,54.46,65.78L77.09,88.4A8,8,0,0,0,88.4,77.09Z"
                  />
                </svg>
              </h1>
              <div
                class="hidden"
                style="width: 65px; height: 65px;"
              />
            </div>
            <div
              class="ms-3"
            >
              <span
                class="d-block"
              >
                <span
                  class="fs-4"
                >
                  5
                </span>
                <span
                  class="fs-7"
                >
                  /
                  30
                </span>
              </span>
              <span
                class="d-block fs-7"
              >
                Instances count
              </span>
            </div>
          </div>
        </div>
        <div
          class="col-lg-3 col-md-4 col-6"
        >
          <div
            class="resource-quota-item fw-bold d-flex mb-6"
          >
            <div
              class="content-center-center"
              style="width: 65px; height: 65px;"
            >
              <h1
                class="text-center"
              >
                <svg
                  class="animation-spin "
                  fill="currentColor"
                  height="1em"
                  viewBox="0 0 256 256"
                  width="1em"
                  xmlns="http://www.w3.org/2000/svg"
                >
                  <path
                    d="M136,32V64a8,8,0,0,1-16,0V32a8,8,0,0,1,16,0Zm37.25,58.75a8,8,0,0,0,5.66-2.35l22.63-22.62a8,8,0,0,0-11.32-11.32L167.6,77.09a8,8,0,0,0,5.65,13.66ZM224,120H192a8,8,0,0,0,0,16h32a8,8,0,0,0,0-16Zm-45.09,47.6a8,8,0,0,0-11.31,11.31l22.62,22.63a8,8,0,0,0,11.32-11.32ZM128,184a8,8,0,0,0-8,8v32a8,8,0,0,0,16,0V192A8,8,0,0,0,128,184ZM77.09,167.6,54.46,190.22a8,8,0,0,0,11.32,11.32L88.4,178.91A8,8,0,0,0,77.09,167.6ZM72,128a8,8,0,0,0-8-8H32a8,8,0,0,0,0,16H64A8,8,0,0,0,72,128ZM65.78,54.46A8,8,0,0,0,54.46,65.78L77.09,88.4A8,8,0,0,0,88.4,77.09Z"
                  />
                </svg>
              </h1>
              <div
                class="hidden"
                style="width: 65px; height: 65px;"
              />
            </div>
            <div
              class="ms-3"
            >
              <span
                class="d-block"
              >
                <span
                  class="fs-4"
                >
                  5
                </span>
                <span
                  class="fs-7"
                >
                  /
                  128 GB
                </span>
              </span>
              <span
                class="d-block fs-7"
              >
                RAM
              </span>
            </div>
          </div>
        </div>
        <div
          class="col-lg-3 col-md-4 col-6"
        >
          <div
            class="resource-quota-item fw-bold d-flex mb-6"
          >
            <div
              class="content-center-center"
              style="width: 65px; height: 65px;"
            >
              <h1
                class="text-center"
              >
                <svg
                  class="animation-spin "
                  fill="currentColor"
                  height="1em"
                  viewBox="0 0 256 256"
                  width="1em"
                  xmlns="http://www.w3.org/2000/svg"
                >
                  <path
                    d="M136,32V64a8,8,0,0,1-16,0V32a8,8,0,0,1,16,0Zm37.25,58.75a8,8,0,0,0,5.66-2.35l22.63-22.62a8,8,0,0,0-11.32-11.32L167.6,77.09a8,8,0,0,0,5.65,13.66ZM224,120H192a8,8,0,0,0,0,16h32a8,8,0,0,0,0-16Zm-45.09,47.6a8,8,0,0,0-11.31,11.31l22.62,22.63a8,8,0,0,0,11.32-11.32ZM128,184a8,8,0,0,0-8,8v32a8,8,0,0,0,16,0V192A8,8,0,0,0,128,184ZM77.09,167.6,54.46,190.22a8,8,0,0,0,11.32,11.32L88.4,178.91A8,8,0,0,0,77.09,167.6ZM72,128a8,8,0,0,0-8-8H32a8,8,0,0,0,0,16H64A8,8,0,0,0,72,128ZM65.78,54.46A8,8,0,0,0,54.46,65.78L77.09,88.4A8,8,0,0,0,88.4,77.09Z"
                  />
                </svg>
              </h1>
              <div
                class="hidden"
                style="width: 65px; height: 65px;"
              />
            </div>
            <div
              class="ms-3"
            >
              <span
                class="d-block"
              >
                <span
                  class="fs-4"
                >
                  3
                </span>
                <span
                  class="fs-7"
                >
                  /
                  64
                </span>
              </span>
              <span
                class="d-block fs-7"
              >
                vCPU count
              </span>
            </div>
          </div>
        </div>
      </div>
    </div>
    <div
      class="my-6"
    >
      <h5
        class="fw-bold mb-6"
      >
        Network
      </h5>
      <div
        class="row"
      >
        <div
          class="col-lg-3 col-md-4 col-6"
        >
          <div
            class="resource-quota-item fw-bold d-flex mb-6"
          >
            <div
              class="content-center-center"
              style="width: 65px; height: 65px;"
            >
              <h1
                class="text-center"
              >
                <svg
                  class="animation-spin "
                  fill="currentColor"
                  height="1em"
                  viewBox="0 0 256 256"
                  width="1em"
                  xmlns="http://www.w3.org/2000/svg"
                >
                  <path
                    d="M136,32V64a8,8,0,0,1-16,0V32a8,8,0,0,1,16,0Zm37.25,58.75a8,8,0,0,0,5.66-2.35l22.63-22.62a8,8,0,0,0-11.32-11.32L167.6,77.09a8,8,0,0,0,5.65,13.66ZM224,120H192a8,8,0,0,0,0,16h32a8,8,0,0,0,0-16Zm-45.09,47.6a8,8,0,0,0-11.31,11.31l22.62,22.63a8,8,0,0,0,11.32-11.32ZM128,184a8,8,0,0,0-8,8v32a8,8,0,0,0,16,0V192A8,8,0,0,0,128,184ZM77.09,167.6,54.46,190.22a8,8,0,0,0,11.32,11.32L88.4,178.91A8,8,0,0,0,77.09,167.6ZM72,128a8,8,0,0,0-8-8H32a8,8,0,0,0,0,16H64A8,8,0,0,0,72,128ZM65.78,54.46A8,8,0,0,0,54.46,65.78L77.09,88.4A8,8,0,0,0,88.4,77.09Z"
                  />
                </svg>
              </h1>
              <div
                class="hidden"
                style="width: 65px; height: 65px;"
              />
            </div>
            <div
              class="ms-3"
            >
              <span
                class="d-block"
              >
                <span
                  class="fs-4"
                >
                  6
                </span>
                <span
                  class="fs-7"
                >
                  /
                  50
                </span>
              </span>
              <span
                class="d-block fs-7"
              >
                Floating IP count
              </span>
            </div>
          </div>
        </div>
        <div
          class="col-lg-3 col-md-4 col-6"
        >
          <div
            class="resource-quota-item fw-bold d-flex mb-6"
          >
            <div
              class="content-center-center"
              style="width: 65px; height: 65px;"
            >
              <h1
                class="text-center"
              >
                <svg
                  class="animation-spin "
                  fill="currentColor"
                  height="1em"
                  viewBox="0 0 256 256"
                  width="1em"
                  xmlns="http://www.w3.org/2000/svg"
                >
                  <path
                    d="M136,32V64a8,8,0,0,1-16,0V32a8,8,0,0,1,16,0Zm37.25,58.75a8,8,0,0,0,5.66-2.35l22.63-22.62a8,8,0,0,0-11.32-11.32L167.6,77.09a8,8,0,0,0,5.65,13.66ZM224,120H192a8,8,0,0,0,0,16h32a8,8,0,0,0,0-16Zm-45.09,47.6a8,8,0,0,0-11.31,11.31l22.62,22.63a8,8,0,0,0,11.32-11.32ZM128,184a8,8,0,0,0-8,8v32a8,8,0,0,0,16,0V192A8,8,0,0,0,128,184ZM77.09,167.6,54.46,190.22a8,8,0,0,0,11.32,11.32L88.4,178.91A8,8,0,0,0,77.09,167.6ZM72,128a8,8,0,0,0-8-8H32a8,8,0,0,0,0,16H64A8,8,0,0,0,72,128ZM65.78,54.46A8,8,0,0,0,54.46,65.78L77.09,88.4A8,8,0,0,0,88.4,77.09Z"
                  />
                </svg>
              </h1>
              <div
                class="hidden"
                style="width: 65px; height: 65px;"
              />
            </div>
            <div
              class="ms-3"
            >
              <span
                class="d-block"
              >
                <span
                  class="fs-4"
                >
                  1
                </span>
                <span
                  class="fs-7"
                >
                  /
                  100
                </span>
              </span>
              <span
                class="d-block fs-7"
              >
                Network count
              </span>
            </div>
          </div>
        </div>
        <div
          class="col-lg-3 col-md-4 col-6"
        >
          <div
            class="resource-quota-item fw-bold d-flex mb-6"
          >
            <div
              class="content-center-center"
              style="width: 65px; height: 65px;"
            >
              <h1
                class="text-center"
              >
                <svg
                  class="animation-spin "
                  fill="currentColor"
                  height="1em"
                  viewBox="0 0 256 256"
                  width="1em"
                  xmlns="http://www.w3.org/2000/svg"
                >
                  <path
                    d="M136,32V64a8,8,0,0,1-16,0V32a8,8,0,0,1,16,0Zm37.25,58.75a8,8,0,0,0,5.66-2.35l22.63-22.62a8,8,0,0,0-11.32-11.32L167.6,77.09a8,8,0,0,0,5.65,13.66ZM224,120H192a8,8,0,0,0,0,16h32a8,8,0,0,0,0-16Zm-45.09,47.6a8,8,0,0,0-11.31,11.31l22.62,22.63a8,8,0,0,0,11.32-11.32ZM128,184a8,8,0,0,0-8,8v32a8,8,0,0,0,16,0V192A8,8,0,0,0,128,184ZM77.09,167.6,54.46,190.22a8,8,0,0,0,11.32,11.32L88.4,178.91A8,8,0,0,0,77.09,167.6ZM72,128a8,8,0,0,0-8-8H32a8,8,0,0,0,0,16H64A8,8,0,0,0,72,128ZM65.78,54.46A8,8,0,0,0,54.46,65.78L77.09,88.4A8,8,0,0,0,88.4,77.09Z"
                  />
                </svg>
              </h1>
              <div
                class="hidden"
                style="width: 65px; height: 65px;"
              />
            </div>
            <div
              class="ms-3"
            >
              <span
                class="d-block"
              >
                <span
                  class="fs-4"
                >
                  8
                </span>
                <span
                  class="fs-7"
                >
                  /
                  100
                </span>
              </span>
              <span
                class="d-block fs-7"
              >
                Security group count
              </span>
            </div>
          </div>
        </div>
        <div
          class="col-lg-3 col-md-4 col-6"
        >
          <div
            class="resource-quota-item fw-bold d-flex mb-6"
          >
            <div
              class="content-center-center"
              style="width: 65px; height: 65px;"
            >
              <h1
                class="text-center"
              >
                <svg
                  class="animation-spin "
                  fill="currentColor"
                  height="1em"
                  viewBox="0 0 256 256"
                  width="1em"
                  xmlns="http://www.w3.org/2000/svg"
                >
                  <path
                    d="M136,32V64a8,8,0,0,1-16,0V32a8,8,0,0,1,16,0Zm37.25,58.75a8,8,0,0,0,5.66-2.35l22.63-22.62a8,8,0,0,0-11.32-11.32L167.6,77.09a8,8,0,0,0,5.65,13.66ZM224,120H192a8,8,0,0,0,0,16h32a8,8,0,0,0,0-16Zm-45.09,47.6a8,8,0,0,0-11.31,11.31l22.62,22.63a8,8,0,0,0,11.32-11.32ZM128,184a8,8,0,0,0-8,8v32a8,8,0,0,0,16,0V192A8,8,0,0,0,128,184ZM77.09,167.6,54.46,190.22a8,8,0,0,0,11.32,11.32L88.4,178.91A8,8,0,0,0,77.09,167.6ZM72,128a8,8,0,0,0-8-8H32a8,8,0,0,0,0,16H64A8,8,0,0,0,72,128ZM65.78,54.46A8,8,0,0,0,54.46,65.78L77.09,88.4A8,8,0,0,0,88.4,77.09Z"
                  />
                </svg>
              </h1>
              <div
                class="hidden"
                style="width: 65px; height: 65px;"
              />
            </div>
            <div
              class="ms-3"
            >
              <span
                class="d-block"
              >
                <span
                  class="fs-4"
                >
                  14
                </span>
                <span
                  class="fs-7"
                >
                  /
                  100
                </span>
              </span>
              <span
                class="d-block fs-7"
              >
                Security group rule count
              </span>
            </div>
          </div>
        </div>
        <div
          class="col-lg-3 col-md-4 col-6"
        >
          <div
            class="resource-quota-item fw-bold d-flex mb-6"
          >
            <div
              class="content-center-center"
              style="width: 65px; height: 65px;"
            >
              <h1
                class="text-center"
              >
                <svg
                  class="animation-spin "
                  fill="currentColor"
                  height="1em"
                  viewBox="0 0 256 256"
                  width="1em"
                  xmlns="http://www.w3.org/2000/svg"
                >
                  <path
                    d="M136,32V64a8,8,0,0,1-16,0V32a8,8,0,0,1,16,0Zm37.25,58.75a8,8,0,0,0,5.66-2.35l22.63-22.62a8,8,0,0,0-11.32-11.32L167.6,77.09a8,8,0,0,0,5.65,13.66ZM224,120H192a8,8,0,0,0,0,16h32a8,8,0,0,0,0-16Zm-45.09,47.6a8,8,0,0,0-11.31,11.31l22.62,22.63a8,8,0,0,0,11.32-11.32ZM128,184a8,8,0,0,0-8,8v32a8,8,0,0,0,16,0V192A8,8,0,0,0,128,184ZM77.09,167.6,54.46,190.22a8,8,0,0,0,11.32,11.32L88.4,178.91A8,8,0,0,0,77.09,167.6ZM72,128a8,8,0,0,0-8-8H32a8,8,0,0,0,0,16H64A8,8,0,0,0,72,128ZM65.78,54.46A8,8,0,0,0,54.46,65.78L77.09,88.4A8,8,0,0,0,88.4,77.09Z"
                  />
                </svg>
              </h1>
              <div
                class="hidden"
                style="width: 65px; height: 65px;"
              />
            </div>
            <div
              class="ms-3"
            >
              <span
                class="d-block"
              >
                <span
                  class="fs-4"
                >
                  1
                </span>
                <span
                  class="fs-7"
                >
                  /
                  100
                </span>
              </span>
              <span
                class="d-block fs-7"
              >
                Subnet count
              </span>
            </div>
          </div>
        </div>
      </div>
    </div>
    <div
      class="my-6"
    >
      <h5
        class="fw-bold mb-6"
      >
        Storage
      </h5>
      <div
        class="row"
      >
        <div
          class="col-lg-3 col-md-4 col-6"
        >
          <div
            class="resource-quota-item fw-bold d-flex mb-6"
          >
            <div
              class="content-center-center"
              style="width: 65px; height: 65px;"
            >
              <h1
                class="text-center"
              >
                <svg
                  class="animation-spin "
                  fill="currentColor"
                  height="1em"
                  viewBox="0 0 256 256"
                  width="1em"
                  xmlns="http://www.w3.org/2000/svg"
                >
                  <path
                    d="M136,32V64a8,8,0,0,1-16,0V32a8,8,0,0,1,16,0Zm37.25,58.75a8,8,0,0,0,5.66-2.35l22.63-22.62a8,8,0,0,0-11.32-11.32L167.6,77.09a8,8,0,0,0,5.65,13.66ZM224,120H192a8,8,0,0,0,0,16h32a8,8,0,0,0,0-16Zm-45.09,47.6a8,8,0,0,0-11.31,11.31l22.62,22.63a8,8,0,0,0,11.32-11.32ZM128,184a8,8,0,0,0-8,8v32a8,8,0,0,0,16,0V192A8,8,0,0,0,128,184ZM77.09,167.6,54.46,190.22a8,8,0,0,0,11.32,11.32L88.4,178.91A8,8,0,0,0,77.09,167.6ZM72,128a8,8,0,0,0-8-8H32a8,8,0,0,0,0,16H64A8,8,0,0,0,72,128ZM65.78,54.46A8,8,0,0,0,54.46,65.78L77.09,88.4A8,8,0,0,0,88.4,77.09Z"
                  />
                </svg>
              </h1>
              <div
                class="hidden"
                style="width: 65px; height: 65px;"
              />
            </div>
            <div
              class="ms-3"
            >
              <span
                class="d-block"
              >
                <span
                  class="fs-4"
                >
                  2
                </span>
                <span
                  class="fs-7"
                >
                  /
                  50
                </span>
              </span>
              <span
                class="d-block fs-7"
              >
                Snapshots count
              </span>
            </div>
          </div>
        </div>
        <div
          class="col-lg-3 col-md-4 col-6"
        >
          <div
            class="resource-quota-item fw-bold d-flex mb-6"
          >
            <div
              class="symbol symbol-65px symbol-circle"
            >
              <div
                class="image-placeholder"
                style="width: 65px; height: 65px; background-color: transparent;"
              >
                <div
                  class="symbol-label fs-1 fw-bolder text-muted w-100 h-100"
                >
                  50
                </div>
              </div>
            </div>
            <div
              class="ms-3"
            >
              <span
                class="d-block"
              >
                <span
                  class="fs-4"
                >
                  50
                </span>
                <span
                  class="fs-7"
                >
                  /
                  ∞
                </span>
              </span>
              <span
                class="d-block fs-7"
              >
                Snapshots size
              </span>
            </div>
          </div>
        </div>
        <div
          class="col-lg-3 col-md-4 col-6"
        >
          <div
            class="resource-quota-item fw-bold d-flex mb-6"
          >
            <div
              class="content-center-center"
              style="width: 65px; height: 65px;"
            >
              <h1
                class="text-center"
              >
                <svg
                  class="animation-spin "
                  fill="currentColor"
                  height="1em"
                  viewBox="0 0 256 256"
                  width="1em"
                  xmlns="http://www.w3.org/2000/svg"
                >
                  <path
                    d="M136,32V64a8,8,0,0,1-16,0V32a8,8,0,0,1,16,0Zm37.25,58.75a8,8,0,0,0,5.66-2.35l22.63-22.62a8,8,0,0,0-11.32-11.32L167.6,77.09a8,8,0,0,0,5.65,13.66ZM224,120H192a8,8,0,0,0,0,16h32a8,8,0,0,0,0-16Zm-45.09,47.6a8,8,0,0,0-11.31,11.31l22.62,22.63a8,8,0,0,0,11.32-11.32ZM128,184a8,8,0,0,0-8,8v32a8,8,0,0,0,16,0V192A8,8,0,0,0,128,184ZM77.09,167.6,54.46,190.22a8,8,0,0,0,11.32,11.32L88.4,178.91A8,8,0,0,0,77.09,167.6ZM72,128a8,8,0,0,0-8-8H32a8,8,0,0,0,0,16H64A8,8,0,0,0,72,128ZM65.78,54.46A8,8,0,0,0,54.46,65.78L77.09,88.4A8,8,0,0,0,88.4,77.09Z"
                  />
                </svg>
              </h1>
              <div
                class="hidden"
                style="width: 65px; height: 65px;"
              />
            </div>
            <div
              class="ms-3"
            >
              <span
                class="d-block"
              >
                <span
                  class="fs-4"
                >
                  295
                </span>
                <span
                  class="fs-7"
                >
                  /
                  295 GB
                </span>
              </span>
              <span
                class="d-block fs-7"
              >
                Storage
              </span>
            </div>
          </div>
        </div>
        <div
          class="col-lg-3 col-md-4 col-6"
        >
          <div
            class="resource-quota-item fw-bold d-flex mb-6"
          >
            <div
              class="content-center-center"
              style="width: 65px; height: 65px;"
            >
              <h1
                class="text-center"
              >
                <svg
                  class="animation-spin "
                  fill="currentColor"
                  height="1em"
                  viewBox="0 0 256 256"
                  width="1em"
                  xmlns="http://www.w3.org/2000/svg"
                >
                  <path
                    d="M136,32V64a8,8,0,0,1-16,0V32a8,8,0,0,1,16,0Zm37.25,58.75a8,8,0,0,0,5.66-2.35l22.63-22.62a8,8,0,0,0-11.32-11.32L167.6,77.09a8,8,0,0,0,5.65,13.66ZM224,120H192a8,8,0,0,0,0,16h32a8,8,0,0,0,0-16Zm-45.09,47.6a8,8,0,0,0-11.31,11.31l22.62,22.63a8,8,0,0,0,11.32-11.32ZM128,184a8,8,0,0,0-8,8v32a8,8,0,0,0,16,0V192A8,8,0,0,0,128,184ZM77.09,167.6,54.46,190.22a8,8,0,0,0,11.32,11.32L88.4,178.91A8,8,0,0,0,77.09,167.6ZM72,128a8,8,0,0,0-8-8H32a8,8,0,0,0,0,16H64A8,8,0,0,0,72,128ZM65.78,54.46A8,8,0,0,0,54.46,65.78L77.09,88.4A8,8,0,0,0,88.4,77.09Z"
                  />
                </svg>
              </h1>
              <div
                class="hidden"
                style="width: 65px; height: 65px;"
              />
            </div>
            <div
              class="ms-3"
            >
              <span
                class="d-block"
              >
                <span
                  class="fs-4"
                >
                  8
                </span>
                <span
                  class="fs-7"
                >
                  /
                  50
                </span>
              </span>
              <span
                class="d-block fs-7"
              >
                Volumes count
              </span>
            </div>
          </div>
        </div>
        <div
          class="col-lg-3 col-md-4 col-6"
        >
          <div
            class="resource-quota-item fw-bold d-flex mb-6"
          >
            <div
              class="symbol symbol-65px symbol-circle"
            >
              <div
                class="image-placeholder"
                style="width: 65px; height: 65px; background-color: transparent;"
              >
                <div
                  class="symbol-label fs-1 fw-bolder text-muted w-100 h-100"
                >
                  245
                </div>
              </div>
            </div>
            <div
              class="ms-3"
            >
              <span
                class="d-block"
              >
                <span
                  class="fs-4"
                >
                  245
                </span>
                <span
                  class="fs-7"
                >
                  /
                  ∞
                </span>
              </span>
              <span
                class="d-block fs-7"
              >
                Volumes size
              </span>
            </div>
          </div>
        </div>
      </div>
    </div>
  </div>
</div>
`;
