// Vitest Snapshot v1, https://vitest.dev/guide/snapshot.html

exports[`InternalIpsList > renders list 1`] = `
<div>
  <div
    class="card-table full-width card-bordered card"
  >
    <div
      class="border-2 border-bottom card-header"
    >
      <div
        class="card-toolbar g-0 gap-4 w-100 row"
      >
        <div
          class="order-0 mw-sm-25 col"
        >
          <div
            class="card-title h5"
          >
            <span
              class="h3 me-2"
            >
              Ports
            </span>
            <button
              class="btn btn-icon btn-active-light"
              type="button"
            >
              <svg
                data-cy="loading-spinner"
                fill="currentColor"
                height="20"
                viewBox="0 0 256 256"
                width="20"
                xmlns="http://www.w3.org/2000/svg"
              >
                <path
                  d="M224,48V96a8,8,0,0,1-8,8H168a8,8,0,0,1,0-16h28.69L182.06,73.37a79.56,79.56,0,0,0-56.13-23.43h-.45A79.52,79.52,0,0,0,69.59,72.71,8,8,0,0,1,58.41,61.27a96,96,0,0,1,135,.79L208,76.69V48a8,8,0,0,1,16,0ZM186.41,183.29a80,80,0,0,1-112.47-.66L59.31,168H88a8,8,0,0,0,0-16H40a8,8,0,0,0-8,8v48a8,8,0,0,0,16,0V179.31l14.63,14.63A95.43,95.43,0,0,0,130,222.06h.53a95.36,95.36,0,0,0,67.07-27.33,8,8,0,0,0-11.18-11.44Z"
                />
              </svg>
            </button>
          </div>
        </div>
        <div
          class="order-1 order-sm-2 min-w-25 ms-auto col-sm-auto"
        >
          <div
            class="d-flex justify-content-sm-end flex-wrap flex-sm-nowrap text-nowrap gap-3"
          >
            <button
              class="btn btn-outline btn-outline-default"
              type="button"
            >
              <span
                class="svg-icon svg-icon-2"
              >
                <svg
                  fill="currentColor"
                  height="1em"
                  viewBox="0 0 256 256"
                  width="1em"
                  xmlns="http://www.w3.org/2000/svg"
                >
                  <path
                    d="M226.76,69a8,8,0,0,0-12.84-2.88l-40.3,37.19-17.23-3.7-3.7-17.23,37.19-40.3A8,8,0,0,0,187,29.24,72,72,0,0,0,88,96,72.34,72.34,0,0,0,94,124.94L33.79,177c-.15.12-.29.26-.43.39a32,32,0,0,0,45.26,45.26c.13-.13.27-.28.39-.42L131.06,162A72,72,0,0,0,232,96,71.56,71.56,0,0,0,226.76,69ZM160,152a56.14,56.14,0,0,1-27.07-7,8,8,0,0,0-9.92,1.77L67.11,211.51a16,16,0,0,1-22.62-22.62L109.18,133a8,8,0,0,0,1.77-9.93,56,56,0,0,1,58.36-82.31l-31.2,33.81a8,8,0,0,0-1.94,7.1L141.83,108a8,8,0,0,0,6.14,6.14l26.35,5.66a8,8,0,0,0,7.1-1.94l33.81-31.2A56.06,56.06,0,0,1,160,152Z"
                  />
                </svg>
              </span>
              Configure
            </button>
          </div>
        </div>
      </div>
    </div>
    <div
      class="card-body"
    >
      <div
        class="table-responsive dataTables_wrapper"
        style="min-height: 300px;"
      >
        <div
          class="table-container table-hover-shadow"
        >
          <table
            class="table align-middle table-row-bordered fs-6 gy-4 no-footer"
          >
            <thead>
              <tr
                class="text-start text-muted fw-bolder fs-7 gs-0 align-middle"
              >
                <th>
                  <span>
                    IP address
                  </span>
                </th>
                <th>
                  <span>
                    MAC address
                  </span>
                </th>
                <th>
                  <span>
                    Subnet name
                  </span>
                </th>
                <th>
                  <span>
                    Subnet CIDR
                  </span>
                </th>
                <th>
                  <span>
                    Actions
                  </span>
                </th>
              </tr>
            </thead>
            <tbody>
              <tr>
                <td>
                  192.168.42.14
                </td>
                <td>
                  fa:16:3e:93:f0:7d
                </td>
                <td>
                  theses-and-papers-on-mach-sub-net
                </td>
                <td>
                  192.168.42.0/24
                </td>
                <td>
                  <button
                    class="btn btn-outline btn-outline-default"
                    type="button"
                  >
                    <span
                      class="svg-icon svg-icon-2"
                    >
                      <svg
                        fill="currentColor"
                        height="1em"
                        viewBox="0 0 256 256"
                        width="1em"
                        xmlns="http://www.w3.org/2000/svg"
                      >
                        <path
                          d="M227.31,73.37,182.63,28.68a16,16,0,0,0-22.63,0L36.69,152A15.86,15.86,0,0,0,32,163.31V208a16,16,0,0,0,16,16H92.69A15.86,15.86,0,0,0,104,219.31L227.31,96a16,16,0,0,0,0-22.63ZM92.69,208H48V163.31l88-88L180.69,120ZM192,108.68,147.31,64l24-24L216,84.68Z"
                        />
                      </svg>
                    </span>
                    Set allowed address pairs
                  </button>
                </td>
              </tr>
            </tbody>
          </table>
        </div>
      </div>
    </div>
  </div>
</div>
`;
